src/core/services/GoogleDriveSyncService.ts(359,59): error TS2365: Operator '>' cannot be applied to types '{}' and 'number'.
src/core/services/GoogleDriveSyncService.ts(360,9): error TS2322: Type '{}' is not assignable to type 'string'.
src/core/services/GoogleDriveSyncService.ts(361,9): error TS2322: Type '{}' is not assignable to type 'number'.
src/core/services/GoogleDriveSyncService.ts(840,9): error TS2322: Type '{} | null' is not assignable to type 'number | null'.
  Type '{}' is not assignable to type 'number'.
src/core/services/GoogleDriveSyncService.ts(841,9): error TS2322: Type '{} | null' is not assignable to type 'number | null'.
  Type '{}' is not assignable to type 'number'.
src/core/services/GoogleDriveSyncService.ts(842,9): error TS2322: Type '{} | null' is not assignable to type 'number | null'.
  Type '{}' is not assignable to type 'number'.
src/core/services/GoogleDriveSyncService.ts(843,9): error TS2322: Type '{} | null' is not assignable to type 'number | null'.
  Type '{}' is not assignable to type 'number'.
src/core/services/GoogleDriveSyncService.ts(844,9): error TS2322: Type '{} | null' is not assignable to type 'string | null'.
  Type '{}' is not assignable to type 'string'.
src/pages/background/index.ts(343,7): error TS2322: Type '{} | { messages: {}; }' is not assignable to type 'StarredMessagesData'.
  Property 'messages' is missing in type '{}' but required in type 'StarredMessagesData'.
src/pages/background/index.ts(441,7): error TS2322: Type '{} | { nodes: {}; groups: {}; }' is not assignable to type 'ForkNodesData'.
  Type '{}' is missing the following properties from type 'ForkNodesData': nodes, groups
src/pages/content/chatWidth/index.ts(183,41): error TS2345: Argument of type 'unknown' is not assignable to parameter of type 'number'.
src/pages/content/editInputWidth/index.ts(168,41): error TS2345: Argument of type 'unknown' is not assignable to parameter of type 'number'.
src/pages/content/folder/aistudio.ts(327,54): error TS2345: Argument of type '{}' is not assignable to parameter of type 'FolderData'.
  Type '{}' is missing the following properties from type 'FolderData': folders, folderContents
src/pages/content/folder/aistudio.ts(391,49): error TS2345: Argument of type '{}' is not assignable to parameter of type 'FolderData'.
  Type '{}' is missing the following properties from type 'FolderData': folders, folderContents
src/pages/content/folder/aistudio.ts(609,9): error TS2739: Type '{}' is missing the following properties from type 'FolderData': folders, folderContents
src/pages/popup/components/CloudSyncSettings.tsx(272,11): error TS2322: Type 'unknown' is not assignable to type 'FolderData'.
src/pages/popup/components/CloudSyncSettings.tsx(278,11): error TS2322: Type 'unknown' is not assignable to type 'PromptItem[]'.
src/pages/popup/components/CloudSyncSettings.tsx(404,11): error TS2322: Type 'unknown' is not assignable to type 'FolderData'.
src/pages/popup/components/CloudSyncSettings.tsx(410,11): error TS2322: Type 'unknown' is not assignable to type 'PromptItem[]'.
src/pages/popup/components/CloudSyncSettings.tsx(447,11): error TS2741: Property 'messages' is missing in type '{}' but required in type 'StarredMessagesData'.
src/pages/popup/components/ContextSyncSettings.tsx(32,15): error TS2345: Argument of type '{}' is not assignable to parameter of type 'SetStateAction<number>'.
